Microchip Technology Inc, v1.35 (A)

Tool Name:
  c:\program files (x86)\microchip\xc16\v1.35\bin\bin\..\bin/elf-ld.exe

Command:
  -TC:\\Users\\GUILDL~1\\AppData\\Local\\Temp\\tmp00002838.00 \
  -TC:\\Users\\GUILDL~1\\AppData\\Local\\Temp\\tmp00002838.01 \
  -TC:\\Users\\GUILDL~1\\AppData\\Local\\Temp\\tmp00002838.02 \
  -TC:\\Users\\GUILDL~1\\AppData\\Local\\Temp\\tmp00002838.03 \
  -TC:\\Users\\GUILDL~1\\AppData\\Local\\Temp\\tmp00002838.04 \
  -p24FJ64GA002 \
  -o \
  dist/default/debug/Pic24_Diagnostics.X.debug.elf \
  -Lc:/program files (x86)/microchip/xc16/v1.35/bin/bin/.. \
  -Lc:/program files (x86)/microchip/xc16/v1.35/bin/bin/../../lib \
  -Lc:/program files (x86)/microchip/xc16/v1.35/bin/bin/../../support/PIC24E/gld \
  -Lc:/program files (x86)/microchip/xc16/v1.35/bin/bin/../../support/PIC24F/gld \
  -Lc:/program files (x86)/microchip/xc16/v1.35/bin/bin/../../support/PIC24H/gld \
  -Lc:/program files (x86)/microchip/xc16/v1.35/bin/bin/../../support/dsPIC30F/gld \
  -Lc:/program files (x86)/microchip/xc16/v1.35/bin/bin/../../support/dsPIC33C/gld \
  -Lc:/program files (x86)/microchip/xc16/v1.35/bin/bin/../../support/dsPIC33E/gld \
  -Lc:/program files (x86)/microchip/xc16/v1.35/bin/bin/../../support/dsPIC33F/gld \
  build/default/debug/_ext/1472/DEE Emulation 16-bit.o \
  build/default/debug/_ext/1472/Flash Operations.o \
  build/default/debug/_ext/1472/Hardware.o \
  build/default/debug/_ext/1472/Main.o \
  build/default/debug/_ext/1472/MI_COS.o \
  build/default/debug/_ext/1472/MI_QUEUE.o \
  build/default/debug/_ext/1472/Pic24 Diagnostics.o \
  build/default/debug/_ext/1472/Scpi.o \
  --defsym=__MPLAB_BUILD=1 \
  --defsym=__MPLAB_DEBUG=1 \
  --defsym=__DEBUG=1 \
  --defsym=__MPLAB_DEBUGGER_PK3=1 \
  -Tp24FJ64GA002.gld.05 \
  --stack=16 \
  --check-sections \
  --data-init \
  --pack-data \
  --handles \
  --isr \
  --no-gc-sections \
  --fill-upper=0 \
  --stackguard=16 \
  --library-path=.. \
  --library-path=. \
  --no-force-link \
  --smart-io \
  -Map=dist/default/debug/Pic24_Diagnostics.X.debug.map \
  --report-mem \
  --memorysummary \
  dist/default/debug/memoryfile.xml \
  -start-group \
  --library=pic30-elf \
  --library=m-elf \
  --library=c-elf \
  -end-group \


Optional library libpPIC24Fxxx.a not found
Archive member included because of file (symbol)

c:/program files (x86)/microchip/xc16/v1.35/bin/bin/../../lib\libpic30-elf.a(crt0_standard.o)
                              (__resetPRI)
c:/program files (x86)/microchip/xc16/v1.35/bin/bin/../../lib\libpic30-elf.a(data_init_standard.o)
                              c:/program files (x86)/microchip/xc16/v1.35/bin/bin/../../lib\libpic30-elf.a(crt0_standard.o) (__data_init_standard)
c:/program files (x86)/microchip/xc16/v1.35/bin/bin/../../lib\libpic30-elf.a(crt_start_mode_normal.eo)
                              (__crt_start_mode_normal)
c:/program files (x86)/microchip/xc16/v1.35/bin/bin/../../lib\libm-elf.a(addsf3.eo)
                              build/default/debug/_ext/1472/Main.o (___addsf3)
c:/program files (x86)/microchip/xc16/v1.35/bin/bin/../../lib\libm-elf.a(divsf3.eo)
                              build/default/debug/_ext/1472/Main.o (___divsf3)
c:/program files (x86)/microchip/xc16/v1.35/bin/bin/../../lib\libm-elf.a(feqltle.eo)
                              build/default/debug/_ext/1472/Scpi.o (___ltsf2)
c:/program files (x86)/microchip/xc16/v1.35/bin/bin/../../lib\libm-elf.a(fgtge.eo)
                              build/default/debug/_ext/1472/Scpi.o (___gtsf2)
c:/program files (x86)/microchip/xc16/v1.35/bin/bin/../../lib\libm-elf.a(floatsisf.eo)
                              build/default/debug/_ext/1472/Main.o (___floatsisf)
c:/program files (x86)/microchip/xc16/v1.35/bin/bin/../../lib\libm-elf.a(fpack.eo)
                              c:/program files (x86)/microchip/xc16/v1.35/bin/bin/../../lib\libm-elf.a(addsf3.eo) (__fpack)
c:/program files (x86)/microchip/xc16/v1.35/bin/bin/../../lib\libm-elf.a(funpack2.eo)
                              c:/program files (x86)/microchip/xc16/v1.35/bin/bin/../../lib\libm-elf.a(addsf3.eo) (__funpack2)
c:/program files (x86)/microchip/xc16/v1.35/bin/bin/../../lib\libm-elf.a(futil.eo)
                              c:/program files (x86)/microchip/xc16/v1.35/bin/bin/../../lib\libm-elf.a(addsf3.eo) (__fPropagateNaN)
c:/program files (x86)/microchip/xc16/v1.35/bin/bin/../../lib\libm-elf.a(fcompare.eo)
                              c:/program files (x86)/microchip/xc16/v1.35/bin/bin/../../lib\libm-elf.a(feqltle.eo) (__fcompare)
c:/program files (x86)/microchip/xc16/v1.35/bin/bin/../../lib\libm-elf.a(floatdisf.eo)
                              c:/program files (x86)/microchip/xc16/v1.35/bin/bin/../../lib\libm-elf.a(floatsisf.eo) (___floatdisf)
c:/program files (x86)/microchip/xc16/v1.35/bin/bin/../../lib\libm-elf.a(floatundisf.eo)
                              c:/program files (x86)/microchip/xc16/v1.35/bin/bin/../../lib\libm-elf.a(floatdisf.eo) (___floatundisf)
[...]
Memory Configuration

Name             Origin             Length             Attributes
data             0x000800           0x002000           a !xr
reset            0x000000           0x000004  
ivt              0x000004           0x0000fc  
_reserved        0x000100           0x000004  
aivt             0x000104           0x0000fc  
program          0x000200           0x00a9fc           xr
CONFIG2          0x00abfc           0x000002  
CONFIG1          0x00abfe           0x000002  
*default*        0x000000           0xffffffff  

Linker script and memory map


reserve_data_0x800
                    0x0800         0x20
                    0x0820                  . = 0x20
 *fill*             0x0800         0x2000

reserve_data_0x820
                    0x0820          0x2
                    0x0822                  . = 0x2
 *fill*             0x0820          0x200

reserve_data_0x822
                    0x0822          0x2
                    0x0824                  . = 0x2
 *fill*             0x0822          0x200

reserve_data_0x824
                    0x0824          0x2
                    0x0826                  . = 0x2
 *fill*             0x0824          0x200

reserve_data_0x826
                    0x0826         0x2a
                    0x0850                  . = 0x2a
 *fill*             0x0826         0x2a00
LOAD build/default/debug/_ext/1472/DEE Emulation 16-bit.o
LOAD build/default/debug/_ext/1472/Flash Operations.o
LOAD build/default/debug/_ext/1472/Hardware.o
LOAD build/default/debug/_ext/1472/Main.o
LOAD build/default/debug/_ext/1472/MI_COS.o
LOAD build/default/debug/_ext/1472/MI_QUEUE.o
LOAD build/default/debug/_ext/1472/Pic24 Diagnostics.o
LOAD build/default/debug/_ext/1472/Scpi.o
                    0x0001                  __MPLAB_BUILD = 0x1
                    0x0001                  __MPLAB_DEBUG = 0x1
                    0x0001                  __DEBUG = 0x1
                    0x0001                  __MPLAB_DEBUGGER_PK3 = 0x1
LOAD pPIC24Fxxx
LOAD c:/program files (x86)/microchip/xc16/v1.35/bin/bin/../../lib\libfx-elf.a
                    0xabfc                  __CONFIG2 = 0xabfc
                    0xabfe                  __CONFIG1 = 0xabfe
                    0x0001                  __NO_HANDLES = 0x1
                    0x0200                  __CODE_BASE = 0x200
                    0xa9fc                  __CODE_LENGTH = 0xa9fc
                    0x0004                  __IVT_BASE = 0x4
                    0x0104                  __AIVT_BASE = 0x104
                    0x0800                  __DATA_BASE = 0x800
                    0x2000                  __DATA_LENGTH = 0x2000

.reset            0x000000          0x4
                  0x000000          0x2 SHORT 0x200 ABSOLUTE (__reset)
                  0x000001          0x2 SHORT 0x4
                  0x000002          0x2 SHORT 0x0 ((ABSOLUTE (__reset) >> 0x10) & 0x7f)
                  0x000003          0x2 SHORT 0x0

.text             0x000200       0x2ed0
 *(.init)
 .init            0x000200         0x4c c:/program files (x86)/microchip/xc16/v1.35/bin/bin/../../lib\libpic30-elf.a(crt0_standard.o)
                  0x000200                  __resetPRI
                  0x000200                  __reset
                  0x00023c                  __psv_init
 .init            0x00024c         0x7c c:/program files (x86)/microchip/xc16/v1.35/bin/bin/../../lib\libpic30-elf.a(data_init_standard.o)
                  0x000252                  __data_init_standard
                  0x000252                  __data_init
 *(.user_init)
 *(.handle)
 *(.isr*)
 .isr.text        0x0002d8        0x1c6 build/default/debug/_ext/1472/Hardware.o
                  0x0002d8                  __U1RXInterrupt
                  0x000342                  __U1TXInterrupt
                  0x00037a                  __U2RXInterrupt
                  0x00041a                  __U2TXInterrupt
                  0x000452                  __T1Interrupt
 .isr             0x00049e          0x4 default_isr
                  0x00049e                  __DefaultInterrupt
 *(.libc)
 .libc            0x0004a2          0xc c:/program files (x86)/microchip/xc16/v1.35/bin/bin/../../lib\libc-elf.a(islower.eso)
                  0x0004a2                  _islower
 .libc            0x0004ae         0x10 c:/program files (x86)/microchip/xc16/v1.35/bin/bin/../../lib\libc-elf.a(isspace.eso)
                  0x0004ae                  _isspace
 .libc            0x0004be          0xe c:/program files (x86)/microchip/xc16/v1.35/bin/bin/../../lib\libc-elf.a(tolower.eso)
                  0x0004be                  _tolower
 .libc            0x0004cc          0xe c:/program files (x86)/microchip/xc16/v1.35/bin/bin/../../lib\libc-elf.a(toupper.eso)
                  0x0004cc                  _toupper
 .libc            0x0004da         0x10 c:/program files (x86)/microchip/xc16/v1.35/bin/bin/../../lib\libpic30-elf.a(_exit.eo)
                  0x0004da                  __exit
 .libc            0x0004ea         0x84 c:/program files (x86)/microchip/xc16/v1.35/bin/bin/../../lib\libpic30-elf.a(write.eo)
                  0x0004ea                  _write
 *(.libm)
 *(.libdsp)
 *(.lib*)
 .libpic30_crt_start_mode
                  0x00056e          0x2 c:/program files (x86)/microchip/xc16/v1.35/bin/bin/../../lib\libpic30-elf.a(crt_start_mode_normal.eo)
                  0x00056e                  __crt_start_mode
                  0x00056e                  __crt_start_mode_normal
 .libm.subsf3     0x000570         0xbc c:/program files (x86)/microchip/xc16/v1.35/bin/bin/../../lib\libm-elf.a(addsf3.eo)
                  0x000570                  ___subsf3
                  0x000572                  ___addsf3
 .libm.divfs3     0x00062c         0x84 c:/program files (x86)/microchip/xc16/v1.35/bin/bin/../../lib\libm-elf.a(divsf3.eo)
                  0x00062c                  ___divsf3
 .libm.eqsf2      0x0006b0          0x4 c:/program files (x86)/microchip/xc16/v1.35/bin/bin/../../lib\libm-elf.a(feqltle.eo)
                  0x0006b0                  ___eqsf2
                  0x0006b0                  ___ltsf2
                  0x0006b0                  ___lesf2
 .libm.gtsf2      0x0006b4          0x4 c:/program files (x86)/microchip/xc16/v1.35/bin/bin/../../lib\libm-elf.a(fgtge.eo)
                  0x0006b4                  ___gesf2
                  0x0006b4                  ___gtsf2
 .libm.floatsisf
                  0x0006b8          0x6 c:/program files (x86)/microchip/xc16/v1.35/bin/bin/../../lib\libm-elf.a(floatsisf.eo)
                  0x0006b8                  ___floatsisf
 .libm.fpack      0x0006be         0x4c c:/program files (x86)/microchip/xc16/v1.35/bin/bin/../../lib\libm-elf.a(fpack.eo)
                  0x0006be                  __fpack
 .libm.funpack2
                  0x00070a         0x10 c:/program files (x86)/microchip/xc16/v1.35/bin/bin/../../lib\libm-elf.a(funpack2.eo)
                  0x00070a                  __funpack2
 .libm.fPropagateNaN
                  0x00071a         0x12 c:/program files (x86)/microchip/xc16/v1.35/bin/bin/../../lib\libm-elf.a(futil.eo)
                  0x00071a                  __fPropagateNaN
 .libm.fbobExit
                  0x00072c          0x8 c:/program files (x86)/microchip/xc16/v1.35/bin/bin/../../lib\libm-elf.a(futil.eo)
                  0x00072c                  __fbopExit
 .libm.fbopReturnNaN
                  0x000734          0x6 c:/program files (x86)/microchip/xc16/v1.35/bin/bin/../../lib\libm-elf.a(futil.eo)
                  0x000734                  __fbopReturnNaN
 .libm.fcompare
                  0x00073a         0x36 c:/program files (x86)/microchip/xc16/v1.35/bin/bin/../../lib\libm-elf.a(fcompare.eo)
                  0x00073a                  __fcompare
 .libm.floatdisf
                  0x000770         0x20 c:/program files (x86)/microchip/xc16/v1.35/bin/bin/../../lib\libm-elf.a(floatdisf.eo)
                  0x000770                  ___floatdisf
 .libm.floatundisf
                  0x000790         0x5e c:/program files (x86)/microchip/xc16/v1.35/bin/bin/../../lib\libm-elf.a(floatundisf.eo)
                  0x000790                  ___floatundisf
 .libm.funpack    0x0007ee         0x2a c:/program files (x86)/microchip/xc16/v1.35/bin/bin/../../lib\libm-elf.a(funpack.eo)
                  0x0007ee                  __funpack
 .libc.strtof     0x000818        0x1c4 c:/program files (x86)/microchip/xc16/v1.35/bin/bin/../../lib\libc-elf.a(atof.eo)
                  0x000818                  _strtof
 .libc.strtod     0x0009dc          0x2 c:/program files (x86)/microchip/xc16/v1.35/bin/bin/../../lib\libc-elf.a(atof.eo)
                  0x0009dc                  _strtod
 .libc.atof       0x0009de          0x4 c:/program files (x86)/microchip/xc16/v1.35/bin/bin/../../lib\libc-elf.a(atof.eo)
                  0x0009de                  _atof
 .libc.atoi       0x0009e2         0x3e c:/program files (x86)/microchip/xc16/v1.35/bin/bin/../../lib\libc-elf.a(atoi.eo)
                  0x0009e2                  _atoi
 .libc.atol       0x000a20         0x56 c:/program files (x86)/microchip/xc16/v1.35/bin/bin/../../lib\libc-elf.a(atol.eo)
                  0x000a20                  _atol
 .libc.exit       0x000a76          0x8 c:/program files (x86)/microchip/xc16/v1.35/bin/bin/../../lib\libc-elf.a(exit.eo)
                  0x000a76                  _exit
 .libc.memcpy     0x000a7e          0xe c:/program files (x86)/microchip/xc16/v1.35/bin/bin/../../lib\libc-elf.a(memcpy.eo)
                  0x000a7e                  _memcpy
 .libc.sprintf    0x000a8c         0x2c c:/program files (x86)/microchip/xc16/v1.35/bin/bin/../../lib\libc-elf.a(sprintf.eo)
                  0x000a8c                  _sprintf
 .libc._cleanup
                  0x000ab8          0x2 c:/program files (x86)/microchip/xc16/v1.35/bin/bin/../../lib\libc-elf.a(stdclean.eo)
                  0x000ab8                  __cleanup
 .libc.strcat     0x000aba         0x14 c:/program files (x86)/microchip/xc16/v1.35/bin/bin/../../lib\libc-elf.a(strcat.eo)
                  0x000aba                  _strcat
 .libc.strcpy     0x000ace          0xc c:/program files (x86)/microchip/xc16/v1.35/bin/bin/../../lib\libc-elf.a(strcpy.eo)
                  0x000ace                  _strcpy
 .libc.strlen     0x000ada          0xc c:/program files (x86)/microchip/xc16/v1.35/bin/bin/../../lib\libc-elf.a(strlen.eo)
                  0x000ada                  _strlen
 .libc._sprintf_cdfFnopuxX
                  0x000ae6         0x2c c:/program files (x86)/microchip/xc16/v1.35/bin/bin/../../lib\libc-elf.a(sprintf_cdfFnopuxX.XXeo)
                  0x000ae6                  __sprintf_cdfFnopuxX
 .libc.fround     0x000b12         0xba c:/program files (x86)/microchip/xc16/v1.35/bin/bin/../../lib\libc-elf.a(doprnt_cdfFnopuxX.XXeo)
 .libc.scale      0x000bcc         0xc4 c:/program files (x86)/microchip/xc16/v1.35/bin/bin/../../lib\libc-elf.a(doprnt_cdfFnopuxX.XXeo)
 .libc.sputc      0x000c90         0x12 c:/program files (x86)/microchip/xc16/v1.35/bin/bin/../../lib\libc-elf.a(doprnt_cdfFnopuxX.XXeo)
 .libc._vfprintf_cdfFnopuxX
                  0x000ca2        0x9c2 c:/program files (x86)/microchip/xc16/v1.35/bin/bin/../../lib\libc-elf.a(doprnt_cdfFnopuxX.XXeo)
                  0x000ca2                  __vfprintf_cdfFnopuxX
 .libc.fround     0x001664         0x84 c:/program files (x86)/microchip/xc16/v1.35/bin/bin/../../lib\libc-elf.a(doprnt.eo)
 .libc.scale      0x0016e8         0xaa c:/program files (x86)/microchip/xc16/v1.35/bin/bin/../../lib\libc-elf.a(doprnt.eo)
 .libc.sputc      0x001792         0x12 c:/program files (x86)/microchip/xc16/v1.35/bin/bin/../../lib\libc-elf.a(doprnt.eo)
 .libc.vfprintf
                  0x0017a4       0x1178 c:/program files (x86)/microchip/xc16/v1.35/bin/bin/../../lib\libc-elf.a(doprnt.eo)
                  0x0017a4                  _vfprintf
 .libc.fputc      0x00291c         0x86 c:/program files (x86)/microchip/xc16/v1.35/bin/bin/../../lib\libc-elf.a(fputc.eo)
                  0x00291c                  _fputc
 .libc._flsbuf    0x0029a2         0x7e c:/program files (x86)/microchip/xc16/v1.35/bin/bin/../../lib\libc-elf.a(flsbuf.eo)
                  0x0029a2                  __flsbuf
 .libc.dowrite    0x002a20          0x4 c:/program files (x86)/microchip/xc16/v1.35/bin/bin/../../lib\libpic30-elf.a(write.eo)
 .libm.adddf3     0x002a24         0xfc c:/program files (x86)/microchip/xc16/v1.35/bin/bin/../../lib\libm-elf.a(adddf3.eo)
                  0x002a24                  ___adddf3
 .libm.eqdf2      0x002b20          0xa c:/program files (x86)/microchip/xc16/v1.35/bin/bin/../../lib\libm-elf.a(deqltle.eo)
                  0x002b20                  ___eqdf2
                  0x002b20                  ___ltdf2
                  0x002b20                  ___ledf2
 .libm.gtdf2      0x002b2a          0xa c:/program files (x86)/microchip/xc16/v1.35/bin/bin/../../lib\libm-elf.a(dgtge.eo)
                  0x002b2a                  ___gtdf2
                  0x002b2a                  ___gedf2
 .libm.divdf3     0x002b34         0xb4 c:/program files (x86)/microchip/xc16/v1.35/bin/bin/../../lib\libm-elf.a(divdf3.eo)
                  0x002b34                  ___divdf3
 .libm.nedf2      0x002be8          0xa c:/program files (x86)/microchip/xc16/v1.35/bin/bin/../../lib\libm-elf.a(dne.eo)
                  0x002be8                  ___nedf2
 .libm.dpack      0x002bf2         0x58 c:/program files (x86)/microchip/xc16/v1.35/bin/bin/../../lib\libm-elf.a(dpack.eo)
                  0x002bf2                  __dpack
 .libm.dunpack2
                  0x002c4a         0x32 c:/program files (x86)/microchip/xc16/v1.35/bin/bin/../../lib\libm-elf.a(dunpack2.eo)
                  0x002c4a                  __dunpack2
                  0x002c6c                  __dreturnNaN
                  0x002c72                  __dunpack2exit
 .libm.extendsfdf2
                  0x002c7c         0x3e c:/program files (x86)/microchip/xc16/v1.35/bin/bin/../../lib\libm-elf.a(extendsfdf.eo)
                  0x002c7c                  ___extendsfdf2
 .libm.fixunsdfdi
                  0x002cba         0x62 c:/program files (x86)/microchip/xc16/v1.35/bin/bin/../../lib\libm-elf.a(fixunsdfdi.eo)
                  0x002cba                  ___fixunsdfdi
 .libm.fixunssfsi
                  0x002d1c         0x36 c:/program files (x86)/microchip/xc16/v1.35/bin/bin/../../lib\libm-elf.a(fixunssfsi.eo)
                  0x002d1c                  ___fixunssfsi
 .libm.floatunsidf
                  0x002d52          0x4 c:/program files (x86)/microchip/xc16/v1.35/bin/bin/../../lib\libm-elf.a(floatunsidf.eo)
                  0x002d52                  ___floatunsidf
 .libm.floatunsisf
                  0x002d56          0x4 c:/program files (x86)/microchip/xc16/v1.35/bin/bin/../../lib\libm-elf.a(floatunsisf.eo)
                  0x002d56                  ___floatunsisf
 .libm.nesf2      0x002d5a          0x4 c:/program files (x86)/microchip/xc16/v1.35/bin/bin/../../lib\libm-elf.a(fne.eo)
                  0x002d5a                  ___nesf2
 .libm.frexp      0x002d5e         0x3a c:/program files (x86)/microchip/xc16/v1.35/bin/bin/../../lib\libm-elf.a(frexp.eo)
                  0x002d5e                  _frexp
                  0x002d5e                  _frexpl
 .libm.frexpf     0x002d98          0x6 c:/program files (x86)/microchip/xc16/v1.35/bin/bin/../../lib\libm-elf.a(frexpf.eo)
                  0x002d98                  _frexpf
 *fill*           0x002d9e          0x400
 .libm.muldf3     0x002da0         0xec c:/program files (x86)/microchip/xc16/v1.35/bin/bin/../../lib\libm-elf.a(muldf3.eo)
                  0x002da0                  ___muldf3
 .libm.mulsf3     0x002e8c         0x68 c:/program files (x86)/microchip/xc16/v1.35/bin/bin/../../lib\libm-elf.a(mulsf3.eo)
                  0x002e8c                  ___mulsf3
 .libm.subdf3     0x002ef4          0x4 c:/program files (x86)/microchip/xc16/v1.35/bin/bin/../../lib\libm-elf.a(subdf3.eo)
                  0x002ef4                  ___subdf3
 .libm.truncdfsf2
                  0x002ef8         0x56 c:/program files (x86)/microchip/xc16/v1.35/bin/bin/../../lib\libm-elf.a(truncdfsf.eo)
                  0x002ef8                  ___truncdfsf2
 .libm.udivsi3    0x002f4e         0x20 c:/program files (x86)/microchip/xc16/v1.35/bin/bin/../../lib\libm-elf.a(udivsi3.eo)
                  0x002f4e                  ___udivsi3
 .libm.umodsi3    0x002f6e          0x6 c:/program files (x86)/microchip/xc16/v1.35/bin/bin/../../lib\libm-elf.a(umodsi3.eo)
                  0x002f6e                  ___umodsi3
 .libm.mulsi3     0x002f74          0xc c:/program files (x86)/microchip/xc16/v1.35/bin/bin/../../lib\libm-elf.a(mulsi3.eo)
                  0x002f74                  ___mulp32peds3
                  0x002f74                  ___mulsi3
                  0x002f74                  ___mulp32eds3
 .libm.frexpf     0x002f80         0x1a c:/program files (x86)/microchip/xc16/v1.35/bin/bin/../../lib\libm-elf.a(_frexpf.eo)
                  0x002f80                  __frexpf
 .libm.dcompare
                  0x002f9a         0x52 c:/program files (x86)/microchip/xc16/v1.35/bin/bin/../../lib\libm-elf.a(dcompare.eo)
                  0x002f9a                  __dcompare
 .libm.dPropagateNaN
                  0x002fec         0x1c c:/program files (x86)/microchip/xc16/v1.35/bin/bin/../../lib\libm-elf.a(dpropagateNaN.eo)
                  0x002fec                  __dPropagateNaN
 .libm.dtype      0x003008         0x24 c:/program files (x86)/microchip/xc16/v1.35/bin/bin/../../lib\libm-elf.a(dtype.eo)
                  0x003008                  __dtype
 .libm.dunpack    0x00302c         0x4e c:/program files (x86)/microchip/xc16/v1.35/bin/bin/../../lib\libm-elf.a(dunpack.eo)
                  0x00302c                  __dunpack
 .libm.floatundidf
                  0x00307a         0x56 c:/program files (x86)/microchip/xc16/v1.35/bin/bin/../../lib\libm-elf.a(floatundidf.eo)
                  0x00307a                  ___floatundidf

usercode
 *(usercode)

__CONFIG2         0x00abfc          0x2
 *(__CONFIG2.sec*)
 __CONFIG2.sec    0x00abfc          0x2 build/default/debug/_ext/1472/Hardware.o

__CONFIG1         0x00abfe          0x2
 *(__CONFIG1.sec*)
 __CONFIG1.sec    0x00abfe          0x2 build/default/debug/_ext/1472/Hardware.o

.comment
 *(.comment)

.debug_info       0x000000       0x509e
 *(.debug_info)
 .debug_info      0x000000        0x7d5 build/default/debug/_ext/1472/DEE Emulation 16-bit.o
 .debug_info      0x0007d5         0x92 build/default/debug/_ext/1472/Flash Operations.o
 .debug_info      0x000867       0x2514 build/default/debug/_ext/1472/Hardware.o
 .debug_info      0x002d7b        0x73c build/default/debug/_ext/1472/Main.o
 .debug_info      0x0034b7        0x631 build/default/debug/_ext/1472/MI_COS.o
 .debug_info      0x003ae8        0x20d build/default/debug/_ext/1472/MI_QUEUE.o
 .debug_info      0x003cf5        0x51e build/default/debug/_ext/1472/Pic24 Diagnostics.o
 .debug_info      0x004213        0xe8b build/default/debug/_ext/1472/Scpi.o
 *(.gnu.linkonce.wi.*)

.debug_abbrev     0x000000        0xa2e
 *(.debug_abbrev)
 .debug_abbrev    0x000000        0x190 build/default/debug/_ext/1472/DEE Emulation 16-bit.o
 .debug_abbrev    0x000190         0x14 build/default/debug/_ext/1472/Flash Operations.o
 .debug_abbrev    0x0001a4        0x281 build/default/debug/_ext/1472/Hardware.o
 .debug_abbrev    0x000425        0x15f build/default/debug/_ext/1472/Main.o
 .debug_abbrev    0x000584        0x195 build/default/debug/_ext/1472/MI_COS.o
 .debug_abbrev    0x000719         0xb0 build/default/debug/_ext/1472/MI_QUEUE.o
 .debug_abbrev    0x0007c9         0xa7 build/default/debug/_ext/1472/Pic24 Diagnostics.o
 .debug_abbrev    0x000870        0x1be build/default/debug/_ext/1472/Scpi.o

.debug_line       0x000000        0xad3
 *(.debug_line)
 .debug_line      0x000000        0x23d build/default/debug/_ext/1472/DEE Emulation 16-bit.o
 .debug_line      0x00023d         0x5a build/default/debug/_ext/1472/Flash Operations.o
 .debug_line      0x000297        0x287 build/default/debug/_ext/1472/Hardware.o
 .debug_line      0x00051e         0xd5 build/default/debug/_ext/1472/Main.o
 .debug_line      0x0005f3         0xa2 build/default/debug/_ext/1472/MI_COS.o
 .debug_line      0x000695         0x6e build/default/debug/_ext/1472/MI_QUEUE.o
 .debug_line      0x000703         0x78 build/default/debug/_ext/1472/Pic24 Diagnostics.o
 .debug_line      0x00077b        0x358 build/default/debug/_ext/1472/Scpi.o

.debug_frame      0x000000        0x8a0
 *(.debug_frame)
 .debug_frame     0x000000         0xfa build/default/debug/_ext/1472/DEE Emulation 16-bit.o
 .debug_frame     0x0000fa        0x2fe build/default/debug/_ext/1472/Hardware.o
 .debug_frame     0x0003f8         0xd0 build/default/debug/_ext/1472/Main.o
 .debug_frame     0x0004c8         0xf4 build/default/debug/_ext/1472/MI_COS.o
 .debug_frame     0x0005bc         0x4c build/default/debug/_ext/1472/MI_QUEUE.o
 .debug_frame     0x000608         0x30 build/default/debug/_ext/1472/Pic24 Diagnostics.o
 .debug_frame     0x000638        0x268 build/default/debug/_ext/1472/Scpi.o

.debug_str        0x000000        0x601
 *(.debug_str)
 .debug_str       0x000000         0x63 build/default/debug/_ext/1472/DEE Emulation 16-bit.o
 .debug_str       0x000063        0x25f build/default/debug/_ext/1472/Hardware.o
 .debug_str       0x0002c2         0xfa build/default/debug/_ext/1472/Main.o
 .debug_str       0x0003bc         0x41 build/default/debug/_ext/1472/MI_COS.o
 .debug_str       0x0003fd         0x3b build/default/debug/_ext/1472/Pic24 Diagnostics.o
 .debug_str       0x000438        0x1c9 build/default/debug/_ext/1472/Scpi.o

.debug_loc
 *(.debug_loc)

.debug_macinfo
 *(.debug_macinfo)

.debug_pubnames
                  0x000000        0xa3a
 *(.debug_pubnames)
 .debug_pubnames
                  0x000000         0xb4 build/default/debug/_ext/1472/DEE Emulation 16-bit.o
 .debug_pubnames
                  0x0000b4        0x395 build/default/debug/_ext/1472/Hardware.o
 .debug_pubnames
                  0x000449        0x133 build/default/debug/_ext/1472/Main.o
 .debug_pubnames
                  0x00057c         0x60 build/default/debug/_ext/1472/MI_COS.o
 .debug_pubnames
                  0x0005dc         0x31 build/default/debug/_ext/1472/MI_QUEUE.o
 .debug_pubnames
                  0x00060d        0x13e build/default/debug/_ext/1472/Pic24 Diagnostics.o
 .debug_pubnames
                  0x00074b        0x2ef build/default/debug/_ext/1472/Scpi.o

.debug_ranges
 *(.debug_ranges)

.debug_aranges    0x000000         0xc0
 *(.debug_aranges)
 .debug_aranges
                  0x000000         0x18 build/default/debug/_ext/1472/DEE Emulation 16-bit.o
 .debug_aranges
                  0x000018         0x18 build/default/debug/_ext/1472/Flash Operations.o
 .debug_aranges
                  0x000030         0x18 build/default/debug/_ext/1472/Hardware.o
 .debug_aranges
                  0x000048         0x18 build/default/debug/_ext/1472/Main.o
 .debug_aranges
                  0x000060         0x18 build/default/debug/_ext/1472/MI_COS.o
 .debug_aranges
                  0x000078         0x18 build/default/debug/_ext/1472/MI_QUEUE.o
 .debug_aranges
                  0x000090         0x18 build/default/debug/_ext/1472/Pic24 Diagnostics.o
 .debug_aranges
                  0x0000a8         0x18 build/default/debug/_ext/1472/Scpi.o
                    0x0000                  WREG0 = 0x0
                    0x0000                  _WREG0 = 0x0
                    0x0002                  WREG1 = 0x2
                    0x0002                  _WREG1 = 0x2
                    0x0004                  WREG2 = 0x4
                    0x0004                  _WREG2 = 0x4
                    0x0006                  WREG3 = 0x6
                    0x0006                  _WREG3 = 0x6
                    0x0008                  WREG4 = 0x8
                    0x0008                  _WREG4 = 0x8
                    0x000a                  WREG5 = 0xa
                    0x000a                  _WREG5 = 0xa
                    0x000c                  WREG6 = 0xc
                    0x000c                  _WREG6 = 0xc
                    0x000e                  WREG7 = 0xe
                    0x000e                  _WREG7 = 0xe
                    0x0010                  WREG8 = 0x10
                    0x0010                  _WREG8 = 0x10
                    0x0012                  WREG9 = 0x12
                    0x0012                  _WREG9 = 0x12
                    0x0014                  WREG10 = 0x14
                    0x0014                  _WREG10 = 0x14
                    0x0016                  WREG11 = 0x16
                    0x0016                  _WREG11 = 0x16
                    0x0018                  WREG12 = 0x18
                    0x0018                  _WREG12 = 0x18
                    0x001a                  WREG13 = 0x1a
                    0x001a                  _WREG13 = 0x1a
                    0x001c                  WREG14 = 0x1c
                    0x001c                  _WREG14 = 0x1c
                    0x001e                  WREG15 = 0x1e
                    0x001e                  _WREG15 = 0x1e
                    0x0020                  SPLIM = 0x20
                    0x0020                  _SPLIM = 0x20
                    0x002e                  PCL = 0x2e
                    0x002e                  _PCL = 0x2e
                    0x0030                  PCH = 0x30
                    0x0030                  _PCH = 0x30
                    0x0032                  TBLPAG = 0x32
                    0x0032                  _TBLPAG = 0x32
                    0x0034                  PSVPAG = 0x34
                    0x0034                  _PSVPAG = 0x34
                    0x0036                  RCOUNT = 0x36
                    0x0036                  _RCOUNT = 0x36
                    0x0042                  SR = 0x42
                    0x0042                  _SR = 0x42
                    0x0042                  _SRbits = 0x42
                    0x0044                  CORCON = 0x44
                    0x0044                  _CORCON = 0x44
                    0x0044                  _CORCONbits = 0x44
                    0x0052                  DISICNT = 0x52
                    0x0052                  _DISICNT = 0x52
                    0x0060                  CNEN1 = 0x60
                    0x0060                  _CNEN1 = 0x60
                    0x0060                  _CNEN1bits = 0x60
                    0x0062                  CNEN2 = 0x62
                    0x0062                  _CNEN2 = 0x62
                    0x0062                  _CNEN2bits = 0x62
                    0x0068                  CNPU1 = 0x68
                    0x0068                  _CNPU1 = 0x68
                    0x0068                  _CNPU1bits = 0x68
                    0x006a                  CNPU2 = 0x6a
                    0x006a                  _CNPU2 = 0x6a
                    0x006a                  _CNPU2bits = 0x6a
                    0x0080                  INTCON1 = 0x80
                    0x0080                  _INTCON1 = 0x80
                    0x0080                  _INTCON1bits = 0x80
                    0x0082                  INTCON2 = 0x82
                    0x0082                  _INTCON2 = 0x82
                    0x0082                  _INTCON2bits = 0x82
                    0x0084                  IFS0 = 0x84
                    0x0084                  _IFS0 = 0x84
                    0x0084                  _IFS0bits = 0x84
                    0x0086                  IFS1 = 0x86
                    0x0086                  _IFS1 = 0x86
                    0x0086                  _IFS1bits = 0x86
                    0x0088                  IFS2 = 0x88
                    0x0088                  _IFS2 = 0x88
                    0x0088                  _IFS2bits = 0x88
                    0x008a                  IFS3 = 0x8a
                    0x008a                  _IFS3 = 0x8a
                    0x008a                  _IFS3bits = 0x8a
                    0x008c                  IFS4 = 0x8c
                    0x008c                  _IFS4 = 0x8c
                    0x008c                  _IFS4bits = 0x8c
                    0x0094                  IEC0 = 0x94
                    0x0094                  _IEC0 = 0x94
                    0x0094                  _IEC0bits = 0x94
                    0x0096                  IEC1 = 0x96
                    0x0096                  _IEC1 = 0x96
                    0x0096                  _IEC1bits = 0x96
                    0x0098                  IEC2 = 0x98
                    0x0098                  _IEC2 = 0x98
                    0x0098                  _IEC2bits = 0x98
                    0x009a                  IEC3 = 0x9a
                    0x009a                  _IEC3 = 0x9a
                    0x009a                  _IEC3bits = 0x9a
                    0x009c                  IEC4 = 0x9c
                    0x009c                  _IEC4 = 0x9c
                    0x009c                  _IEC4bits = 0x9c
                    0x00a4                  IPC0 = 0xa4
                    0x00a4                  _IPC0 = 0xa4
                    0x00a4                  _IPC0bits = 0xa4
                    0x00a6                  IPC1 = 0xa6
                    0x00a6                  _IPC1 = 0xa6
                    0x00a6                  _IPC1bits = 0xa6
                    0x00a8                  IPC2 = 0xa8
                    0x00a8                  _IPC2 = 0xa8
                    0x00a8                  _IPC2bits = 0xa8
                    0x00aa                  IPC3 = 0xaa
                    0x00aa                  _IPC3 = 0xaa
                    0x00aa                  _IPC3bits = 0xaa
                    0x00ac                  IPC4 = 0xac
                    0x00ac                  _IPC4 = 0xac
                    0x00ac                  _IPC4bits = 0xac
                    0x00ae                  IPC5 = 0xae
                    0x00ae                  _IPC5 = 0xae
                    0x00ae                  _IPC5bits = 0xae
                    0x00b0                  IPC6 = 0xb0
                    0x00b0                  _IPC6 = 0xb0
                    0x00b0                  _IPC6bits = 0xb0
                    0x00b2                  IPC7 = 0xb2
                    0x00b2                  _IPC7 = 0xb2
                    0x00b2                  _IPC7bits = 0xb2
                    0x00b4                  IPC8 = 0xb4
                    0x00b4                  _IPC8 = 0xb4
                    0x00b4                  _IPC8bits = 0xb4
                    0x00b6                  IPC9 = 0xb6
                    0x00b6                  _IPC9 = 0xb6
                    0x00b6                  _IPC9bits = 0xb6
                    0x00b8                  IPC10 = 0xb8
                    0x00b8                  _IPC10 = 0xb8
                    0x00b8                  _IPC10bits = 0xb8
                    0x00ba                  IPC11 = 0xba
                    0x00ba                  _IPC11 = 0xba
                    0x00ba                  _IPC11bits = 0xba
                    0x00bc                  IPC12 = 0xbc
                    0x00bc                  _IPC12 = 0xbc
                    0x00bc                  _IPC12bits = 0xbc
                    0x00c2                  IPC15 = 0xc2
                    0x00c2                  _IPC15 = 0xc2
                    0x00c2                  _IPC15bits = 0xc2
                    0x00c4                  IPC16 = 0xc4
                    0x00c4                  _IPC16 = 0xc4
                    0x00c4                  _IPC16bits = 0xc4
                    0x00c8                  IPC18 = 0xc8
                    0x00c8                  _IPC18 = 0xc8
                    0x00c8                  _IPC18bits = 0xc8
                    0x0100                  TMR1 = 0x100
                    0x0100                  _TMR1 = 0x100
                    0x0102                  PR1 = 0x102
                    0x0102                  _PR1 = 0x102
                    0x0104                  T1CON = 0x104
                    0x0104                  _T1CON = 0x104
                    0x0104                  _T1CONbits = 0x104
                    0x0106                  TMR2 = 0x106
                    0x0106                  _TMR2 = 0x106
                    0x0108                  TMR3HLD = 0x108
                    0x0108                  _TMR3HLD = 0x108
                    0x010a                  TMR3 = 0x10a
                    0x010a                  _TMR3 = 0x10a
                    0x010c                  PR2 = 0x10c
                    0x010c                  _PR2 = 0x10c
                    0x010e                  PR3 = 0x10e
                    0x010e                  _PR3 = 0x10e
                    0x0110                  T2CON = 0x110
                    0x0110                  _T2CON = 0x110
                    0x0110                  _T2CONbits = 0x110
                    0x0112                  T3CON = 0x112
                    0x0112                  _T3CON = 0x112
                    0x0112                  _T3CONbits = 0x112
                    0x0114                  TMR4 = 0x114
                    0x0114                  _TMR4 = 0x114
                    0x0116                  TMR5HLD = 0x116
                    0x0116                  _TMR5HLD = 0x116
                    0x0118                  TMR5 = 0x118
                    0x0118                  _TMR5 = 0x118
                    0x011a                  PR4 = 0x11a
                    0x011a                  _PR4 = 0x11a
                    0x011c                  PR5 = 0x11c
                    0x011c                  _PR5 = 0x11c
                    0x011e                  T4CON = 0x11e
                    0x011e                  _T4CON = 0x11e
                    0x011e                  _T4CONbits = 0x11e
                    0x0120                  T5CON = 0x120
                    0x0120                  _T5CON = 0x120
                    0x0120                  _T5CONbits = 0x120
                    0x0140                  IC1BUF = 0x140
                    0x0140                  _IC1BUF = 0x140
                    0x0142                  IC1CON = 0x142
                    0x0142                  _IC1CON = 0x142
                    0x0142                  _IC1CONbits = 0x142
                    0x0144                  IC2BUF = 0x144
                    0x0144                  _IC2BUF = 0x144
                    0x0146                  IC2CON = 0x146
                    0x0146                  _IC2CON = 0x146
                    0x0146                  _IC2CONbits = 0x146
                    0x0148                  IC3BUF = 0x148
                    0x0148                  _IC3BUF = 0x148
                    0x014a                  IC3CON = 0x14a
                    0x014a                  _IC3CON = 0x14a
                    0x014a                  _IC3CONbits = 0x14a
                    0x014c                  IC4BUF = 0x14c
                    0x014c                  _IC4BUF = 0x14c
                    0x014e                  IC4CON = 0x14e
                    0x014e                  _IC4CON = 0x14e
                    0x014e                  _IC4CONbits = 0x14e
                    0x0150                  IC5BUF = 0x150
                    0x0150                  _IC5BUF = 0x150
                    0x0152                  IC5CON = 0x152
                    0x0152                  _IC5CON = 0x152
                    0x0152                  _IC5CONbits = 0x152
                    0x0180                  OC1RS = 0x180
                    0x0180                  _OC1RS = 0x180
                    0x0182                  OC1R = 0x182
                    0x0182                  _OC1R = 0x182
                    0x0184                  OC1CON = 0x184
                    0x0184                  _OC1CON = 0x184
                    0x0184                  _OC1CONbits = 0x184
                    0x0186                  OC2RS = 0x186
                    0x0186                  _OC2RS = 0x186
                    0x0188                  OC2R = 0x188
                    0x0188                  _OC2R = 0x188
                    0x018a                  OC2CON = 0x18a
                    0x018a                  _OC2CON = 0x18a
                    0x018a                  _OC2CONbits = 0x18a
                    0x018c                  OC3RS = 0x18c
                    0x018c                  _OC3RS = 0x18c
                    0x018e                  OC3R = 0x18e
                    0x018e                  _OC3R = 0x18e
                    0x0190                  OC3CON = 0x190
                    0x0190                  _OC3CON = 0x190
                    0x0190                  _OC3CONbits = 0x190
                    0x0192                  OC4RS = 0x192
                    0x0192                  _OC4RS = 0x192
                    0x0194                  OC4R = 0x194
                    0x0194                  _OC4R = 0x194
                    0x0196                  OC4CON = 0x196
                    0x0196                  _OC4CON = 0x196
                    0x0196                  _OC4CONbits = 0x196
                    0x0198                  OC5RS = 0x198
                    0x0198                  _OC5RS = 0x198
                    0x019a                  OC5R = 0x19a
                    0x019a                  _OC5R = 0x19a
                    0x019c                  OC5CON = 0x19c
                    0x019c                  _OC5CON = 0x19c
                    0x019c                  _OC5CONbits = 0x19c
                    0x0200                  I2C1RCV = 0x200
                    0x0200                  _I2C1RCV = 0x200
                    0x0202                  I2C1TRN = 0x202
                    0x0202                  _I2C1TRN = 0x202
                    0x0204                  I2C1BRG = 0x204
                    0x0204                  _I2C1BRG = 0x204
                    0x0206                  I2C1CON = 0x206
                    0x0206                  _I2C1CON = 0x206
                    0x0206                  _I2C1CONbits = 0x206
                    0x0208                  I2C1STAT = 0x208
                    0x0208                  _I2C1STAT = 0x208
                    0x0208                  _I2C1STATbits = 0x208
                    0x020a                  I2C1ADD = 0x20a
                    0x020a                  _I2C1ADD = 0x20a
                    0x020c                  I2C1MSK = 0x20c
                    0x020c                  _I2C1MSK = 0x20c
                    0x0210                  I2C2RCV = 0x210
                    0x0210                  _I2C2RCV = 0x210
                    0x0212                  I2C2TRN = 0x212
                    0x0212                  _I2C2TRN = 0x212
                    0x0214                  I2C2BRG = 0x214
                    0x0214                  _I2C2BRG = 0x214
                    0x0216                  I2C2CON = 0x216
                    0x0216                  _I2C2CON = 0x216
                    0x0216                  _I2C2CONbits = 0x216
                    0x0218                  I2C2STAT = 0x218
                    0x0218                  _I2C2STAT = 0x218
                    0x0218                  _I2C2STATbits = 0x218
                    0x021a                  I2C2ADD = 0x21a
                    0x021a                  _I2C2ADD = 0x21a
                    0x021c                  I2C2MSK = 0x21c
                    0x021c                  _I2C2MSK = 0x21c
                    0x0220                  U1MODE = 0x220
                    0x0220                  _U1MODE = 0x220
                    0x0220                  _U1MODEbits = 0x220
                    0x0222                  U1STA = 0x222
                    0x0222                  _U1STA = 0x222
                    0x0222                  _U1STAbits = 0x222
                    0x0224                  U1TXREG = 0x224
                    0x0224                  _U1TXREG = 0x224
                    0x0226                  U1RXREG = 0x226
                    0x0226                  _U1RXREG = 0x226
                    0x0228                  U1BRG = 0x228
                    0x0228                  _U1BRG = 0x228
                    0x0230                  U2MODE = 0x230
                    0x0230                  _U2MODE = 0x230
                    0x0230                  _U2MODEbits = 0x230
                    0x0232                  U2STA = 0x232
                    0x0232                  _U2STA = 0x232
                    0x0232                  _U2STAbits = 0x232
                    0x0234                  U2TXREG = 0x234
                    0x0234                  _U2TXREG = 0x234
                    0x0236                  U2RXREG = 0x236
                    0x0236                  _U2RXREG = 0x236
                    0x0238                  U2BRG = 0x238
                    0x0238                  _U2BRG = 0x238
                    0x0240                  SPI1STAT = 0x240
                    0x0240                  _SPI1STAT = 0x240
                    0x0240                  _SPI1STATbits = 0x240
                    0x0242                  SPI1CON1 = 0x242
                    0x0242                  _SPI1CON1 = 0x242
                    0x0242                  _SPI1CON1bits = 0x242
                    0x0244                  SPI1CON2 = 0x244
                    0x0244                  _SPI1CON2 = 0x244
                    0x0244                  _SPI1CON2bits = 0x244
                    0x0248                  SPI1BUF = 0x248
                    0x0248                  _SPI1BUF = 0x248
                    0x0260                  SPI2STAT = 0x260
                    0x0260                  _SPI2STAT = 0x260
                    0x0260                  _SPI2STATbits = 0x260
                    0x0262                  SPI2CON1 = 0x262
                    0x0262                  _SPI2CON1 = 0x262
                    0x0262                  _SPI2CON1bits = 0x262
                    0x0264                  SPI2CON2 = 0x264
                    0x0264                  _SPI2CON2 = 0x264
                    0x0264                  _SPI2CON2bits = 0x264
                    0x0268                  SPI2BUF = 0x268
                    0x0268                  _SPI2BUF = 0x268
                    0x02c0                  TRISA = 0x2c0
                    0x02c0                  _TRISA = 0x2c0
                    0x02c0                  _TRISAbits = 0x2c0
                    0x02c2                  PORTA = 0x2c2
                    0x02c2                  _PORTA = 0x2c2
                    0x02c2                  _PORTAbits = 0x2c2
                    0x02c4                  LATA = 0x2c4
                    0x02c4                  _LATA = 0x2c4
                    0x02c4                  _LATAbits = 0x2c4
                    0x02c6                  ODCA = 0x2c6
                    0x02c6                  _ODCA = 0x2c6
                    0x02c6                  _ODCAbits = 0x2c6
                    0x02c8                  TRISB = 0x2c8
                    0x02c8                  _TRISB = 0x2c8
                    0x02c8                  _TRISBbits = 0x2c8
                    0x02ca                  PORTB = 0x2ca
                    0x02ca                  _PORTB = 0x2ca
                    0x02ca                  _PORTBbits = 0x2ca
                    0x02cc                  LATB = 0x2cc
                    0x02cc                  _LATB = 0x2cc
                    0x02cc                  _LATBbits = 0x2cc
                    0x02ce                  ODCB = 0x2ce
                    0x02ce                  _ODCB = 0x2ce
                    0x02ce                  _ODCBbits = 0x2ce
                    0x02fc                  PADCFG1 = 0x2fc
                    0x02fc                  _PADCFG1 = 0x2fc
                    0x02fc                  _PADCFG1bits = 0x2fc
                    0x0300                  ADC1BUF0 = 0x300
                    0x0300                  _ADC1BUF0 = 0x300
                    0x0302                  ADC1BUF1 = 0x302
                    0x0302                  _ADC1BUF1 = 0x302
                    0x0304                  ADC1BUF2 = 0x304
                    0x0304                  _ADC1BUF2 = 0x304
                    0x0306                  ADC1BUF3 = 0x306
                    0x0306                  _ADC1BUF3 = 0x306
                    0x0308                  ADC1BUF4 = 0x308
                    0x0308                  _ADC1BUF4 = 0x308
                    0x030a                  ADC1BUF5 = 0x30a
                    0x030a                  _ADC1BUF5 = 0x30a
                    0x030c                  ADC1BUF6 = 0x30c
                    0x030c                  _ADC1BUF6 = 0x30c
                    0x030e                  ADC1BUF7 = 0x30e
                    0x030e                  _ADC1BUF7 = 0x30e
                    0x0310                  ADC1BUF8 = 0x310
                    0x0310                  _ADC1BUF8 = 0x310
                    0x0312                  ADC1BUF9 = 0x312
                    0x0312                  _ADC1BUF9 = 0x312
                    0x0314                  ADC1BUFA = 0x314
                    0x0314                  _ADC1BUFA = 0x314
                    0x0316                  ADC1BUFB = 0x316
                    0x0316                  _ADC1BUFB = 0x316
                    0x0318                  ADC1BUFC = 0x318
                    0x0318                  _ADC1BUFC = 0x318
                    0x031a                  ADC1BUFD = 0x31a
                    0x031a                  _ADC1BUFD = 0x31a
                    0x031c                  ADC1BUFE = 0x31c
                    0x031c                  _ADC1BUFE = 0x31c
                    0x031e                  ADC1BUFF = 0x31e
                    0x031e                  _ADC1BUFF = 0x31e
                    0x0320                  AD1CON1 = 0x320
                    0x0320                  _AD1CON1 = 0x320
                    0x0320                  _AD1CON1bits = 0x320
                    0x0322                  AD1CON2 = 0x322
                    0x0322                  _AD1CON2 = 0x322
                    0x0322                  _AD1CON2bits = 0x322
                    0x0324                  AD1CON3 = 0x324
                    0x0324                  _AD1CON3 = 0x324
                    0x0324                  _AD1CON3bits = 0x324
                    0x0328                  AD1CHS = 0x328
                    0x0328                  _AD1CHS = 0x328
                    0x0328                  _AD1CHSbits = 0x328
                    0x032c                  AD1PCFG = 0x32c
                    0x032c                  _AD1PCFG = 0x32c
                    0x032c                  _AD1PCFGbits = 0x32c
                    0x0330                  AD1CSSL = 0x330
                    0x0330                  _AD1CSSL = 0x330
                    0x0330                  _AD1CSSLbits = 0x330
                    0x0600                  PMCON = 0x600
                    0x0600                  _PMCON = 0x600
                    0x0600                  _PMCONbits = 0x600
                    0x0602                  PMMODE = 0x602
                    0x0602                  _PMMODE = 0x602
                    0x0602                  _PMMODEbits = 0x602
                    0x0604                  PMADDR = 0x604
                    0x0604                  _PMADDR = 0x604
                    0x0604                  _PMADDRbits = 0x604
                    0x0604                  PMDOUT1 = 0x604
                    0x0604                  _PMDOUT1 = 0x604
                    0x0604                  _PMDOUT1bits = 0x604
                    0x0606                  PMDOUT2 = 0x606
                    0x0606                  _PMDOUT2 = 0x606
                    0x0608                  PMDIN1 = 0x608
                    0x0608                  _PMDIN1 = 0x608
                    0x060a                  PMDIN2 = 0x60a
                    0x060a                  _PMDIN2 = 0x60a
                    0x060c                  PMAEN = 0x60c
                    0x060c                  _PMAEN = 0x60c
                    0x060c                  _PMAENbits = 0x60c
                    0x060e                  PMSTAT = 0x60e
                    0x060e                  _PMSTAT = 0x60e
                    0x060e                  _PMSTATbits = 0x60e
                    0x0620                  ALRMVAL = 0x620
                    0x0620                  _ALRMVAL = 0x620
                    0x0622                  ALCFGRPT = 0x622
                    0x0622                  _ALCFGRPT = 0x622
                    0x0622                  _ALCFGRPTbits = 0x622
                    0x0624                  RTCVAL = 0x624
                    0x0624                  _RTCVAL = 0x624
                    0x0626                  RCFGCAL = 0x626
                    0x0626                  _RCFGCAL = 0x626
                    0x0626                  _RCFGCALbits = 0x626
                    0x0630                  CMCON = 0x630
                    0x0630                  _CMCON = 0x630
                    0x0630                  _CMCONbits = 0x630
                    0x0632                  CVRCON = 0x632
                    0x0632                  _CVRCON = 0x632
                    0x0632                  _CVRCONbits = 0x632
                    0x0640                  CRCCON = 0x640
                    0x0640                  _CRCCON = 0x640
                    0x0640                  _CRCCONbits = 0x640
                    0x0642                  CRCXOR = 0x642
                    0x0642                  _CRCXOR = 0x642
                    0x0642                  _CRCXORbits = 0x642
                    0x0644                  CRCDAT = 0x644
                    0x0644                  _CRCDAT = 0x644
                    0x0646                  CRCWDAT = 0x646
                    0x0646                  _CRCWDAT = 0x646
                    0x0680                  RPINR0 = 0x680
                    0x0680                  _RPINR0 = 0x680
                    0x0680                  _RPINR0bits = 0x680
                    0x0682                  RPINR1 = 0x682
                    0x0682                  _RPINR1 = 0x682
                    0x0682                  _RPINR1bits = 0x682
                    0x0686                  RPINR3 = 0x686
                    0x0686                  _RPINR3 = 0x686
                    0x0686                  _RPINR3bits = 0x686
                    0x0688                  RPINR4 = 0x688
                    0x0688                  _RPINR4 = 0x688
                    0x0688                  _RPINR4bits = 0x688
                    0x068e                  RPINR7 = 0x68e
                    0x068e                  _RPINR7 = 0x68e
                    0x068e                  _RPINR7bits = 0x68e
                    0x0690                  RPINR8 = 0x690
                    0x0690                  _RPINR8 = 0x690
                    0x0690                  _RPINR8bits = 0x690
                    0x0692                  RPINR9 = 0x692
                    0x0692                  _RPINR9 = 0x692
                    0x0692                  _RPINR9bits = 0x692
                    0x0696                  RPINR11 = 0x696
                    0x0696                  _RPINR11 = 0x696
                    0x0696                  _RPINR11bits = 0x696
                    0x06a4                  RPINR18 = 0x6a4
                    0x06a4                  _RPINR18 = 0x6a4
                    0x06a4                  _RPINR18bits = 0x6a4
                    0x06a6                  RPINR19 = 0x6a6
                    0x06a6                  _RPINR19 = 0x6a6
                    0x06a6                  _RPINR19bits = 0x6a6
                    0x06a8                  RPINR20 = 0x6a8
                    0x06a8                  _RPINR20 = 0x6a8
                    0x06a8                  _RPINR20bits = 0x6a8
                    0x06aa                  RPINR21 = 0x6aa
                    0x06aa                  _RPINR21 = 0x6aa
                    0x06aa                  _RPINR21bits = 0x6aa
                    0x06ac                  RPINR22 = 0x6ac
                    0x06ac                  _RPINR22 = 0x6ac
                    0x06ac                  _RPINR22bits = 0x6ac
                    0x06ae                  RPINR23 = 0x6ae
                    0x06ae                  _RPINR23 = 0x6ae
                    0x06ae                  _RPINR23bits = 0x6ae
                    0x06c0                  RPOR0 = 0x6c0
                    0x06c0                  _RPOR0 = 0x6c0
                    0x06c0                  _RPOR0bits = 0x6c0
                    0x06c2                  RPOR1 = 0x6c2
                    0x06c2                  _RPOR1 = 0x6c2
                    0x06c2                  _RPOR1bits = 0x6c2
                    0x06c4                  RPOR2 = 0x6c4
                    0x06c4                  _RPOR2 = 0x6c4
                    0x06c4                  _RPOR2bits = 0x6c4
                    0x06c6                  RPOR3 = 0x6c6
                    0x06c6                  _RPOR3 = 0x6c6
                    0x06c6                  _RPOR3bits = 0x6c6
                    0x06c8                  RPOR4 = 0x6c8
                    0x06c8                  _RPOR4 = 0x6c8
                    0x06c8                  _RPOR4bits = 0x6c8
                    0x06ca                  RPOR5 = 0x6ca
                    0x06ca                  _RPOR5 = 0x6ca
                    0x06ca                  _RPOR5bits = 0x6ca
                    0x06cc                  RPOR6 = 0x6cc
                    0x06cc                  _RPOR6 = 0x6cc
                    0x06cc                  _RPOR6bits = 0x6cc
                    0x06ce                  RPOR7 = 0x6ce
                    0x06ce                  _RPOR7 = 0x6ce
                    0x06ce                  _RPOR7bits = 0x6ce
                    0x0740                  RCON = 0x740
                    0x0740                  _RCON = 0x740
                    0x0740                  _RCONbits = 0x740
                    0x0742                  OSCCON = 0x742
                    0x0742                  _OSCCON = 0x742
                    0x0742                  _OSCCONbits = 0x742
                    0x0742                  OSCCONL = 0x742
                    0x0742                  _OSCCONL = 0x742
                    0x0743                  OSCCONH = 0x743
                    0x0743                  _OSCCONH = 0x743
                    0x0744                  CLKDIV = 0x744
                    0x0744                  _CLKDIV = 0x744
                    0x0744                  _CLKDIVbits = 0x744
                    0x0748                  OSCTUN = 0x748
                    0x0748                  _OSCTUN = 0x748
                    0x0748                  _OSCTUNbits = 0x748
                    0x0760                  NVMCON = 0x760
                    0x0760                  _NVMCON = 0x760
                    0x0760                  _NVMCONbits = 0x760
                    0x0766                  NVMKEY = 0x766
                    0x0766                  _NVMKEY = 0x766
                    0x0770                  PMD1 = 0x770
                    0x0770                  _PMD1 = 0x770
                    0x0770                  _PMD1bits = 0x770
                    0x0772                  PMD2 = 0x772
                    0x0772                  _PMD2 = 0x772
                    0x0772                  _PMD2bits = 0x772
                    0x0774                  PMD3 = 0x774
                    0x0774                  _PMD3 = 0x774
                    0x0774                  _PMD3bits = 0x774
                    0x0140                  IC1 = 0x140
                    0x0140                  _IC1 = 0x140
                    0x0144                  IC2 = 0x144
                    0x0144                  _IC2 = 0x144
                    0x0148                  IC3 = 0x148
                    0x0148                  _IC3 = 0x148
                    0x014c                  IC4 = 0x14c
                    0x014c                  _IC4 = 0x14c
                    0x0150                  IC5 = 0x150
                    0x0150                  _IC5 = 0x150
                    0x0180                  OC1 = 0x180
                    0x0180                  _OC1 = 0x180
                    0x0186                  OC2 = 0x186
                    0x0186                  _OC2 = 0x186
                    0x018c                  OC3 = 0x18c
                    0x018c                  _OC3 = 0x18c
                    0x0192                  OC4 = 0x192
                    0x0192                  _OC4 = 0x192
                    0x0198                  OC5 = 0x198
                    0x0198                  _OC5 = 0x198
                    0x0240                  SPI1 = 0x240
                    0x0240                  _SPI1 = 0x240
                    0x0260                  SPI2 = 0x260
                    0x0260                  _SPI2 = 0x260
                    0x0220                  UART1 = 0x220
                    0x0220                  _UART1 = 0x220
                    0x0230                  UART2 = 0x230
                    0x0230                  _UART2 = 0x230
START GROUP
LOAD c:/program files (x86)/microchip/xc16/v1.35/bin/bin/../../lib\libpic30-elf.a
LOAD c:/program files (x86)/microchip/xc16/v1.35/bin/bin/../../lib\libm-elf.a
LOAD c:/program files (x86)/microchip/xc16/v1.35/bin/bin/../../lib\libc-elf.a
END GROUP
OUTPUT(dist/default/debug/Pic24_Diagnostics.X.debug.elf elf32-pic30)
LOAD jump_table
LOAD default_isr
LOAD data_init

.debug_pubtypes
                  0x0000c0        0x50e
 .debug_pubtypes
                  0x0000c0         0x56 build/default/debug/_ext/1472/DEE Emulation 16-bit.o
 .debug_pubtypes
                  0x000116        0x24f build/default/debug/_ext/1472/Hardware.o
 .debug_pubtypes
                  0x000365         0xe3 build/default/debug/_ext/1472/Main.o
 .debug_pubtypes
                  0x000448         0xd7 build/default/debug/_ext/1472/MI_COS.o
 .debug_pubtypes
                  0x00051f         0x43 build/default/debug/_ext/1472/MI_QUEUE.o
 .debug_pubtypes
                  0x000562         0x36 build/default/debug/_ext/1472/Pic24 Diagnostics.o
 .debug_pubtypes
                  0x000598         0x36 build/default/debug/_ext/1472/Scpi.o

__c30_signature
                  0x0005ce        0x1aa
 __c30_signature
                  0x0005ce          0x6 build/default/debug/_ext/1472/DEE Emulation 16-bit.o
 __c30_signature
                  0x0005d4          0x6 build/default/debug/_ext/1472/Hardware.o
 __c30_signature
                  0x0005da          0x6 build/default/debug/_ext/1472/Main.o
 __c30_signature
                  0x0005e0          0x6 build/default/debug/_ext/1472/MI_COS.o
 __c30_signature
                  0x0005e6          0x6 build/default/debug/_ext/1472/MI_QUEUE.o
 __c30_signature
                  0x0005ec          0x6 build/default/debug/_ext/1472/Pic24 Diagnostics.o
 __c30_signature
                  0x0005f2          0x6 build/default/debug/_ext/1472/Scpi.o
 __c30_signature
                  0x0005f8          0x6 c:/program files (x86)/microchip/xc16/v1.35/bin/bin/../../lib\libpic30-elf.a(crt0_standard.o)
 __c30_signature
                  0x0005fe          0x6 c:/program files (x86)/microchip/xc16/v1.35/bin/bin/../../lib\libpic30-elf.a(data_init_standard.o)
 __c30_signature
                  0x000604          0x6 c:/program files (x86)/microchip/xc16/v1.35/bin/bin/../../lib\libm-elf.a(addsf3.eo)
 __c30_signature
                  0x00060a          0x6 c:/program files (x86)/microchip/xc16/v1.35/bin/bin/../../lib\libm-elf.a(divsf3.eo)
 __c30_signature
                  0x000610          0x6 c:/program files (x86)/microchip/xc16/v1.35/bin/bin/../../lib\libm-elf.a(feqltle.eo)
 __c30_signature
                  0x000616          0x6 c:/program files (x86)/microchip/xc16/v1.35/bin/bin/../../lib\libm-elf.a(fgtge.eo)
 __c30_signature
                  0x00061c          0x6 c:/program files (x86)/microchip/xc16/v1.35/bin/bin/../../lib\libm-elf.a(floatsisf.eo)
 __c30_signature
                  0x000622          0x6 c:/program files (x86)/microchip/xc16/v1.35/bin/bin/../../lib\libm-elf.a(fpack.eo)
 __c30_signature
                  0x000628          0x6 c:/program files (x86)/microchip/xc16/v1.35/bin/bin/../../lib\libm-elf.a(funpack2.eo)
 __c30_signature
                  0x00062e          0x6 c:/program files (x86)/microchip/xc16/v1.35/bin/bin/../../lib\libm-elf.a(futil.eo)
 __c30_signature
                  0x000634          0x6 c:/program files (x86)/microchip/xc16/v1.35/bin/bin/../../lib\libm-elf.a(fcompare.eo)
 __c30_signature
                  0x00063a          0x6 c:/program files (x86)/microchip/xc16/v1.35/bin/bin/../../lib\libm-elf.a(floatdisf.eo)
 __c30_signature
                  0x000640          0x6 c:/program files (x86)/microchip/xc16/v1.35/bin/bin/../../lib\libm-elf.a(floatundisf.eo)
 __c30_signature
                  0x000646          0x6 c:/program files (x86)/microchip/xc16/v1.35/bin/bin/../../lib\libm-elf.a(funpack.eo)
 __c30_signature
                  0x00064c          0x6 c:/program files (x86)/microchip/xc16/v1.35/bin/bin/../../lib\libc-elf.a(atof.eo)
 __c30_signature
                  0x000652          0x6 c:/program files (x86)/microchip/xc16/v1.35/bin/bin/../../lib\libc-elf.a(atoi.eo)
 __c30_signature
                  0x000658          0x6 c:/program files (x86)/microchip/xc16/v1.35/bin/bin/../../lib\libc-elf.a(atol.eo)
 __c30_signature
                  0x00065e          0x6 c:/program files (x86)/microchip/xc16/v1.35/bin/bin/../../lib\libc-elf.a(errno.eo)
 __c30_signature
                  0x000664          0x6 c:/program files (x86)/microchip/xc16/v1.35/bin/bin/../../lib\libc-elf.a(exit.eo)
 __c30_signature
                  0x00066a          0x6 c:/program files (x86)/microchip/xc16/v1.35/bin/bin/../../lib\libc-elf.a(memcpy.eo)
 __c30_signature
                  0x000670          0x6 c:/program files (x86)/microchip/xc16/v1.35/bin/bin/../../lib\libc-elf.a(sprintf.eo)
 __c30_signature
                  0x000676          0x6 c:/program files (x86)/microchip/xc16/v1.35/bin/bin/../../lib\libc-elf.a(stdclean.eo)
 __c30_signature
                  0x00067c          0x6 c:/program files (x86)/microchip/xc16/v1.35/bin/bin/../../lib\libc-elf.a(strcat.eo)
 __c30_signature
                  0x000682          0x6 c:/program files (x86)/microchip/xc16/v1.35/bin/bin/../../lib\libc-elf.a(strcpy.eo)
 __c30_signature
                  0x000688          0x6 c:/program files (x86)/microchip/xc16/v1.35/bin/bin/../../lib\libc-elf.a(strlen.eo)
 __c30_signature
                  0x00068e          0x6 c:/program files (x86)/microchip/xc16/v1.35/bin/bin/../../lib\libc-elf.a(sprintf_cdfFnopuxX.XXeo)
 __c30_signature
                  0x000694          0x6 c:/program files (x86)/microchip/xc16/v1.35/bin/bin/../../lib\libc-elf.a(doprnt_cdfFnopuxX.XXeo)
 __c30_signature
                  0x00069a          0x6 c:/program files (x86)/microchip/xc16/v1.35/bin/bin/../../lib\libc-elf.a(doprnt.eo)
 __c30_signature
                  0x0006a0          0x6 c:/program files (x86)/microchip/xc16/v1.35/bin/bin/../../lib\libc-elf.a(fputc.eo)
 __c30_signature
                  0x0006a6          0x6 c:/program files (x86)/microchip/xc16/v1.35/bin/bin/../../lib\libc-elf.a(powers.eo)
 __c30_signature
                  0x0006ac          0x6 c:/program files (x86)/microchip/xc16/v1.35/bin/bin/../../lib\libc-elf.a(_iob.eo)
 __c30_signature
                  0x0006b2          0x6 c:/program files (x86)/microchip/xc16/v1.35/bin/bin/../../lib\libc-elf.a(powers.dXXeo)
 __c30_signature
                  0x0006b8          0x6 c:/program files (x86)/microchip/xc16/v1.35/bin/bin/../../lib\libc-elf.a(flsbuf.eo)
 __c30_signature
                  0x0006be          0x6 c:/program files (x86)/microchip/xc16/v1.35/bin/bin/../../lib\libpic30-elf.a(_exit.eo)
 __c30_signature
                  0x0006c4          0x6 c:/program files (x86)/microchip/xc16/v1.35/bin/bin/../../lib\libpic30-elf.a(write.eo)
 __c30_signature
                  0x0006ca          0x6 c:/program files (x86)/microchip/xc16/v1.35/bin/bin/../../lib\libpic30-elf.a(c30_uart.eo)
 __c30_signature
                  0x0006d0          0x6 c:/program files (x86)/microchip/xc16/v1.35/bin/bin/../../lib\libm-elf.a(adddf3.eo)
 __c30_signature
                  0x0006d6          0x6 c:/program files (x86)/microchip/xc16/v1.35/bin/bin/../../lib\libm-elf.a(deqltle.eo)
 __c30_signature
                  0x0006dc          0x6 c:/program files (x86)/microchip/xc16/v1.35/bin/bin/../../lib\libm-elf.a(dgtge.eo)
 __c30_signature
                  0x0006e2          0x6 c:/program files (x86)/microchip/xc16/v1.35/bin/bin/../../lib\libm-elf.a(divdf3.eo)
 __c30_signature
                  0x0006e8          0x6 c:/program files (x86)/microchip/xc16/v1.35/bin/bin/../../lib\libm-elf.a(dne.eo)
 __c30_signature
                  0x0006ee          0x6 c:/program files (x86)/microchip/xc16/v1.35/bin/bin/../../lib\libm-elf.a(dpack.eo)
 __c30_signature
                  0x0006f4          0x6 c:/program files (x86)/microchip/xc16/v1.35/bin/bin/../../lib\libm-elf.a(dunpack2.eo)
 __c30_signature
                  0x0006fa          0x6 c:/program files (x86)/microchip/xc16/v1.35/bin/bin/../../lib\libm-elf.a(extendsfdf.eo)
 __c30_signature
                  0x000700          0x6 c:/program files (x86)/microchip/xc16/v1.35/bin/bin/../../lib\libm-elf.a(fixunsdfdi.eo)
 __c30_signature
                  0x000706          0x6 c:/program files (x86)/microchip/xc16/v1.35/bin/bin/../../lib\libm-elf.a(fixunssfsi.eo)
 __c30_signature
                  0x00070c          0x6 c:/program files (x86)/microchip/xc16/v1.35/bin/bin/../../lib\libm-elf.a(floatunsidf.eo)
 __c30_signature
                  0x000712          0x6 c:/program files (x86)/microchip/xc16/v1.35/bin/bin/../../lib\libm-elf.a(floatunsisf.eo)
 __c30_signature
                  0x000718          0x6 c:/program files (x86)/microchip/xc16/v1.35/bin/bin/../../lib\libm-elf.a(fne.eo)
 __c30_signature
                  0x00071e          0x6 c:/program files (x86)/microchip/xc16/v1.35/bin/bin/../../lib\libm-elf.a(frexp.eo)
 __c30_signature
                  0x000724          0x6 c:/program files (x86)/microchip/xc16/v1.35/bin/bin/../../lib\libm-elf.a(frexpf.eo)
 __c30_signature
                  0x00072a          0x6 c:/program files (x86)/microchip/xc16/v1.35/bin/bin/../../lib\libm-elf.a(muldf3.eo)
 __c30_signature
                  0x000730          0x6 c:/program files (x86)/microchip/xc16/v1.35/bin/bin/../../lib\libm-elf.a(mulsf3.eo)
 __c30_signature
                  0x000736          0x6 c:/program files (x86)/microchip/xc16/v1.35/bin/bin/../../lib\libm-elf.a(subdf3.eo)
 __c30_signature
                  0x00073c          0x6 c:/program files (x86)/microchip/xc16/v1.35/bin/bin/../../lib\libm-elf.a(truncdfsf.eo)
 __c30_signature
                  0x000742          0x6 c:/program files (x86)/microchip/xc16/v1.35/bin/bin/../../lib\libm-elf.a(udivsi3.eo)
 __c30_signature
                  0x000748          0x6 c:/program files (x86)/microchip/xc16/v1.35/bin/bin/../../lib\libm-elf.a(umodsi3.eo)
 __c30_signature
                  0x00074e          0x6 c:/program files (x86)/microchip/xc16/v1.35/bin/bin/../../lib\libm-elf.a(mulsi3.eo)
 __c30_signature
                  0x000754          0x6 c:/program files (x86)/microchip/xc16/v1.35/bin/bin/../../lib\libm-elf.a(_frexpf.eo)
 __c30_signature
                  0x00075a          0x6 c:/program files (x86)/microchip/xc16/v1.35/bin/bin/../../lib\libm-elf.a(dcompare.eo)
 __c30_signature
                  0x000760          0x6 c:/program files (x86)/microchip/xc16/v1.35/bin/bin/../../lib\libm-elf.a(dpropagateNaN.eo)
 __c30_signature
                  0x000766          0x6 c:/program files (x86)/microchip/xc16/v1.35/bin/bin/../../lib\libm-elf.a(dtype.eo)
 __c30_signature
                  0x00076c          0x6 c:/program files (x86)/microchip/xc16/v1.35/bin/bin/../../lib\libm-elf.a(dunpack.eo)
 __c30_signature
                  0x000772          0x6 c:/program files (x86)/microchip/xc16/v1.35/bin/bin/../../lib\libm-elf.a(floatundidf.eo)

.nbss               0x0850         0x80
 .nbss              0x0850         0x3c build/default/debug/_ext/1472/Hardware.o
                    0x0850                  _U1RxIntPointer
                    0x0852                  _U1RxCurrentPointer
                    0x0854                  _U1TxIntPointer
                    0x0856                  _U1TxCurrentPointer
                    0x0858                  _U2RxIntPointer
                    0x085a                  _U2RxCurrentPointer
                    0x085c                  _U2TxIntPointer
                    0x085e                  _U2TxCurrentPointer
                    0x0860                  _timerCounter
                    0x0862                  _timer250msCounter
                    0x0864                  _timerSecondCounter
                    0x0866                  _tickCounter
                    0x086a                  _U1baudRate
                    0x086c                  _U2baudRate
                    0x086e                  _turns
                    0x0872                  _EchoOn
                    0x0874                  _nanoIndex
                    0x0876                  _nanoIndex1
                    0x0878                  _nanoIndex2
                    0x087a                  _nanoState
                    0x087c                  _nanoData
                    0x0880                  _nanoDataTemp
                    0x0884                  _debounce
                    0x0886                  _temperature
                    0x0888                  _prevTemperature
                    0x088a                  _temperatureSensorEnabled
 .nbss              0x088c         0x2a build/default/debug/_ext/1472/Scpi.o
                    0x088c                  _defIndex
                    0x088d                  _setIndex
                    0x088e                  _enumValueIndex
                    0x0890                  _enumIndex
                    0x0891                  _enumLoop
                    0x0892                  _enumLimit
                    0x0894                  _valuesIndex
                    0x0896                  _argumentCount
                    0x0897                  _argumentActive
                    0x0898                  _argumentCurrent
                    0x0899                  _type
                    0x089a                  _ProcessState
                    0x089c                  _CommandIndex
                    0x089e                  _arrayMax
                    0x08a0                  _SetMode
                    0x08a2                  _cmdptr
                    0x08a4                  _typeptr
                    0x08a6                  _setPtr
                    0x08a8                  _charValuesPtr
                    0x08aa                  _charPtr
                    0x08ac                  _scpiPtr
                    0x08ae                  _fromPtr
                    0x08b0                  _arrayIndex
                    0x08b2                  _conditionalMode
                    0x08b3                  _conditionalIndex
                    0x08b4                  _conditionalMax
 .nbss              0x08b6         0x10 build/default/debug/_ext/1472/Main.o
                    0x08b6                  _startupFlag
                    0x08b8                  _displayTemperature
                    0x08bc                  _temperatureIndex
                    0x08be                  _temperatureCount
                    0x08c0                  _temperatureTotal
                    0x08c4                  _loop
 .nbss              0x08c6          0xa build/default/debug/_ext/1472/Pic24 Diagnostics.o
                    0x08c6                  _enumeratedArray
                    0x08c8                  _doubleArray
                    0x08cc                  _ScpiExit
                    0x08cd                  _ScpiIndex
                    0x08ce                  _DefIndex

.ndata              0x08d0          0x4
 .ndata             0x08d0          0x4 build/default/debug/_ext/1472/Main.o
                    0x08d0                  _MI_MAX_TASKS
                    0x08d2                  _DisplayFrequencyRate

.nbss               0x08d4          0x6
 .nbss              0x08d4          0x4 build/default/debug/_ext/1472/MI_COS.o
                    0x08d4                  _MiFatalError
 .nbss              0x08d8          0x2 build/default/debug/_ext/1472/DEE Emulation 16-bit.o
                    0x08d8                  _dataEEFlags

.ndata              0x08da          0x2
 .ndata             0x08da          0x2 build/default/debug/_ext/1472/MI_COS.o
                    0x08da                  _MiCurrentEvent

.bss                0x08dc        0xe50
 .bss               0x08dc        0xe50 build/default/debug/_ext/1472/Hardware.o
                    0x08dc                  _U1RxBuffer
                    0x0adc                  _U1TxBuffer
                    0x0cdc                  _U2RxBuffer
                    0x14dc                  _U2TxBuffer
                    0x16dc                  _nanoArray

.data               0x172c        0x160
 .data              0x172c        0x160 c:/program files (x86)/microchip/xc16/v1.35/bin/bin/../../lib\libc-elf.a(powers.dXXeo)
                    0x172c                  __powers_
                    0x17dc                  __npowers_

.bss                0x188c        0x276
 .bss               0x188c        0x14a build/default/debug/_ext/1472/Main.o
                    0x188c                  _tempBuff
                    0x1986                  _temperatureArray
 .bss               0x19d6        0x12c build/default/debug/_ext/1472/Scpi.o
                    0x19d6                  _CommandLine
                    0x1a9e                  _ReadResults

.data               0x1b02        0x20e
 .data              0x1b02         0x9c build/default/debug/_ext/1472/Pic24 Diagnostics.o
                    0x1b02                  _charArray
                    0x1b5f                  _unsignedCharArray
                    0x1b7e                  _intArray
                    0x1b8e                  _longIntArray
 .data              0x1b9e         0x68 c:/program files (x86)/microchip/xc16/v1.35/bin/bin/../../lib\libc-elf.a(powers.eo)
                    0x1b9e                  __powers_f
                    0x1bd2                  __npowers_f
 .data              0x1c06         0x52 c:/program files (x86)/microchip/xc16/v1.35/bin/bin/../../lib\libc-elf.a(doprnt_cdfFnopuxX.XXeo)
 .data              0x1c58         0x52 c:/program files (x86)/microchip/xc16/v1.35/bin/bin/../../lib\libc-elf.a(doprnt.eo)
 .data              0x1caa         0x40 build/default/debug/_ext/1472/Main.o
                    0x1caa                  _MiTaskList
                    0x1cae                  _MiStateTable
 .data              0x1cea         0x26 c:/program files (x86)/microchip/xc16/v1.35/bin/bin/../../lib\libc-elf.a(_iob.eo)
                    0x1cea                  __iob
                    0x1d0e                  __Files

.bss                0x1d10         0x22
 .bss               0x1d10         0x1a build/default/debug/_ext/1472/MI_QUEUE.o
 .bss               0x1d2a          0x6 c:/program files (x86)/microchip/xc16/v1.35/bin/bin/../../lib\libc-elf.a(_iob.eo)
                    0x1d2a                  __outdone
                    0x1d2b                  __sibuf
                    0x1d2d                  __sobuf
 .bss               0x1d30          0x2 c:/program files (x86)/microchip/xc16/v1.35/bin/bin/../../lib\libc-elf.a(errno.eo)
                    0x1d30                  _errno

.data               0x1d32          0x2
 .data              0x1d32          0x2 c:/program files (x86)/microchip/xc16/v1.35/bin/bin/../../lib\libpic30-elf.a(c30_uart.eo)
                    0x1d32                  ___C30_UART

.ivt._U1RXInterrupt
                  0x00002a          0x2
 .ivt._U1RXInterrupt
                  0x00002a          0x2 build/default/debug/_ext/1472/Hardware.o

.ivt._U1TXInterrupt
                  0x00002c          0x2
 .ivt._U1TXInterrupt
                  0x00002c          0x2 build/default/debug/_ext/1472/Hardware.o

.ivt._U2RXInterrupt
                  0x000050          0x2
 .ivt._U2RXInterrupt
                  0x000050          0x2 build/default/debug/_ext/1472/Hardware.o

.ivt._U2TXInterrupt
                  0x000052          0x2
 .ivt._U2TXInterrupt
                  0x000052          0x2 build/default/debug/_ext/1472/Hardware.o

.ivt._T1Interrupt
                  0x00001a          0x2
 .ivt._T1Interrupt
                  0x00001a          0x2 build/default/debug/_ext/1472/Hardware.o

_034A6F005b58cccc
                    0xb800        0x800 load address 0x003800  
 _034A6F005b58cccc
                    0xb800        0x800 build/default/debug/_ext/1472/DEE Emulation 16-bit.o
                    0xb800                  _emulationPages

.const              0xb0d0        0x4ba load address 0x0030d0  
 .const             0xb0d0        0x4a4 build/default/debug/_ext/1472/Pic24 Diagnostics.o
                    0xb0d0                  _scpi
                    0xb190                  _ScpiCount
                    0xb192                  _def
                    0xb1c2                  _DefCount
                    0xb1c3                  _scpiCommands
                    0xb385                  _defCommands
                    0xb43e                  _variable
                    0xb4b0                  _SetCount
                    0xb4b1                  _variableName
                    0xb550                  _format
                    0xb572                  _esrIndex
 .const             0xb574         0x12 build/default/debug/_ext/1472/Main.o
 .const             0xb586          0x4 build/default/debug/_ext/1472/Scpi.o

.text             0x004000       0x1f00
 .text            0x004000       0x1416 build/default/debug/_ext/1472/Scpi.o
                  0x004000                  _setESR
                  0x004036                  _calcGetArrayIndex
                  0x004212                  _calcPutArrayIndex
                  0x004278                  _putDouble
                  0x00428e                  _getDouble
                  0x0042a4                  _putInt
                  0x0042b8                  _getInt
                  0x0042ce                  _putLongInt
                  0x0042e4                  _getLongInt
                  0x0042fa                  _putUnsignedChar
                  0x00430c                  _getUnsignedChar
                  0x00431e                  _findScpi
                  0x004618                  _getScpiVariable
                  0x004632                  _putScpiVariable
                  0x00464a                  _findVariable
                  0x0046da                  _removeComments
                  0x0047de                  _readScpi
                  0x004cc4                  _decodeCommand
                  0x00538c                  _ProcessScpi
 .text            0x005416        0x61e build/default/debug/_ext/1472/DEE Emulation 16-bit.o
                  0x005416                  _UnlockWrite
                  0x00544a                  _GetPageStatus
                  0x0054a2                  _ErasePage
                  0x0054c0                  _GetNextAvailCount
                  0x005528                  _PackEE
                  0x00574c                  _DataEEInit
                  0x00586a                  _DataEERead
                  0x00590c                  _DataEEWrite
 .text            0x005a34        0x4cc build/default/debug/_ext/1472/Hardware.o
                  0x005a34                  _InitHardware
                  0x005b3e                  __enable
                  0x005b4e                  __disable
                  0x005b5e                  _checkPC
                  0x005b72                  _checkSW1
                  0x005b98                  _setSerialNumber
                  0x005bb8                  _measureStateChange
                  0x005bcc                  _setDate
                  0x005bd8                  _setTime
                  0x005be4                  _getPCKey
                  0x005c14                  _OutputPort
                  0x005c9a                  _setTurns
                  0x005ca2                  _setRelays
                  0x005cac                  _ReadMCP9801
                  0x005d38                  _InitMCP9801
                  0x005ea0                  _PCputs
                  0x005ec6                  _PCputc

.dinit            0x005f00        0x2de
 .dinit           0x005f00        0x2de data_init

.text             0x00358a        0x1f0
 .text            0x00358a        0x1f0 build/default/debug/_ext/1472/Main.o
                  0x00358a                  _main
                  0x003596                  _stateTest
                  0x0035a2                  _stateExit
                  0x0035a8                  _taskMain
                  0x00371e                  _taskProcessScpi

.text             0x0061de        0x104
 .text            0x0061de        0x104 build/default/debug/_ext/1472/MI_COS.o
                  0x0061de                  _MiCos
                  0x006200                  _MiTasksRun
                  0x0062ca                  _MiEventWrite

.text             0x00377a         0x80
 .text            0x00377a         0x80 build/default/debug/_ext/1472/MI_QUEUE.o
                  0x00377a                  _queue_write
                  0x0037b8                  _queue_read

.text             0x0062e2         0xa6
 .text            0x0062e2         0x74 build/default/debug/_ext/1472/Pic24 Diagnostics.o
                  0x0062e2                  _UserExits
 .text            0x006356         0x32 build/default/debug/_ext/1472/Flash Operations.o
                  0x006356                  _ReadPMHigh
                  0x00635a                  _ReadPMLow
                  0x00635e                  _UnlockPM
                  0x006378                  _WritePMHigh
                  0x00637c                  _WritePMHighB
                  0x006380                  _WritePMLow
                  0x006384                  _WritePMLowB
